{
  "FsF_F1_01D": {
    "test_results": {
      "FsF_F1_01D-1": {
        "success": true,
        "identifier": "https://doi.org/10.5061/dryad.qz612jmq2"
      },
      "FsF_F1_01D-2": {
        "success": true,
        "comment": "Identifier resolved"
      }
    }
  },
  "FsF_F1_02D": {
    "test_results": {
      "FsF_F1_02D-1": {
        "success": true,
        "identifier": "https://doi.org/10.5061/dryad.qz612jmq2"
      },
      "FsF_F1_02D-2": {
        "success": true,
        "comment": "Identifier resolved"
      }
    }
  },
  "FsF_F2_01M": {
    "test_results": {
      "FsF_F2_01M-1-2-3": {
        "creator": "Gabriele Larocca Conte, Adam Aleksinski, Ashley Liao, J\u00fcrgen Kriwet, Thomas M\u00f6rs, Robin Trayler, Linda Ivany, Matthew Huber, Sora Kim",
        "title": "Eocene shark teeth from peninsular Antarctica: Windows to habitat use and paleoceanography",
        "publisher": "Dryad",
        "publication_date": "2024-09-16",
        "summary": "Eocene climate cooling, driven by the falling pCO2 and tectonic changes in the Southern Ocean, impacted marine ecosystems. Sharks in high-latitude oceans, sensitive to these changes, offer insights into both environmental shifts and biological responses, yet few paleoecological studies exist. The Middle-to-Late Eocene units on Seymour Island, Antarctica, provide a rich, diverse fossil record, including sharks. We analyzed the oxygen isotope composition of phosphate from shark tooth bioapatite (\u03b418Op) and compared our results to co-occurring bivalves and predictions from an isotope-enabled global climate model to investigate habitat use and environmental conditions. Bulk \u03b418Op values (mean 22.0 \u00b1 1.3\u2030) show no significant changes through the Eocene. Furthermore, the variation in bulk \u03b418Op values often exceeds that in simulated seasonal and regional values. Pelagic and benthic sharks exhibit similar \u03b418Op values across units but are offset relative to bivalve and modeled values. Some taxa suggest movements into warmer or more brackish waters (e.g., Striatolamia, Carcharias) or deeper, colder waters (e.g., Pristiophorus). Taxa like Raja and Squalus display no shift, tracking local conditions in Seymour Island. The lack of difference in \u03b418Op values between pelagic and benthic sharks in the Late Eocene could suggest a poorly stratified water column, inconsistent with a fully opened Drake Passage. Our findings demonstrate that shark tooth bioapatite tracks the preferred habitat conditions for individual taxa rather than recording environmental conditions where they are found. A lack of secular variation in \u03b418Op values says more about species ecology than the absence of regional or global environmental changes.",
        "keywords": "Sharks, Climate modeling, Paleoecology, Eocene epoch, Drake Passage, Antarctica, Paleotemperature, Ocean temperature, Climate change, Oxygen isotope analysis"
      }
    }
  },
  "FsF_F3_01M": {
    "test_results": {
      "FsF_F3_01M-1": {
        "success": false,
        "identifier": "",
        "file_name": "",
        "file_size": "210704576",
        "file_type": "application/zip"
      }
    }
  },
  "FsF_A1_01M": {
    "test_results": {
      "FsF_A1_01M-1": {
        "access_condition": "public",
        "comment": "Provided with Creative Commons Zero v1.0 Universal Licence"
      }
    }
  },
  "FsF_I1_01M": {
    "test_results": {
      "FsF_I1_01M-1": {
        "success": true,
        "comment": "Parsable, structured metadata(JSON-LD) was successfully detected on the landing page, confirming that it contains correctly embedded, machine-readable metadata. JSON-LD is a formal serialization format so this condition is satisfied. It includes essential elements such as '@context' and '@type', confirming the use of JSON-LD syntax."
      }
    }
  },
  "FsF_I2_01M": {
    "test_results": {
      "FsF_I2_01M-1": {
        "success": false,
        "resources": []
      }
    }
  },
  "FsF_I3_01M": {
    "test_results": {
      "FsF_I3_01M-1": {
        "entities": [
          {
            "entity": "Citation/Reference",
            "value": "http://doi.org/10.1029/2024PA004965"
          },
          {
            "entity": "Version",
            "value": "13"
          },
          {
            "entity": "ORCID/Collaborator/Creator/Contributor",
            "value": "Adam Aleksinski"
          },
          {
            "entity": "ORCID/Collaborator/Creator/Contributor",
            "value": "Ashley Liao"
          },
          {
            "entity": "ORCID/Collaborator/Creator/Contributor",
            "value": "J\u0000fcrgen Kriwet"
          },
          {
            "entity": "ORCID/Collaborator/Creator/Contributor",
            "value": "Thomas M\u0000f6rs"
          },
          {
            "entity": "ORCID/Collaborator/Creator/Contributor",
            "value": "Robin Trayler"
          },
          {
            "entity": "ORCID/Collaborator/Creator/Contributor",
            "value": "Linda Ivany"
          },
          {
            "entity": "ORCID/Collaborator/Creator/Contributor",
            "value": "Matthew Huber"
          },
          {
            "entity": "ORCID/Collaborator/Creator/Contributor",
            "value": "Sora Kim"
          },
          {
            "entity": "Funder",
            "value": "National Science Foundation"
          },
          {
            "entity": "Funder",
            "value": "Swedish Research Council"
          },
          {
            "entity": "Funder",
            "value": "Carl Tryggers stiftelse f\u0000f6r vetenskaplig forskning"
          },
          {
            "entity": "Funder",
            "value": "FWF Austrian Science Fund"
          },
          {
            "entity": "ORCID/Collaborator/Creator/Contributor",
            "value": "0009-0001-1229-7185"
          },
          {
            "entity": "ROR/Institution/University/Organization",
            "value": "https://ror.org/00d9ah105"
          },
          {
            "entity": "ROR/Institution/University/Organization",
            "value": "https://ror.org/02dqehb95"
          },
          {
            "entity": "ROR/Institution/University/Organization",
            "value": "https://ror.org/03prydq77"
          },
          {
            "entity": "ROR/Institution/University/Organization",
            "value": "https://ror.org/05k323c76"
          },
          {
            "entity": "ROR/Institution/University/Organization",
            "value": "https://ror.org/025r5qe02"
          },
          {
            "entity": "Related Work",
            "value": "https://doi.org/10.22541/essoar.172167144.42121733/v1"
          },
          {
            "entity": "Related Work",
            "value": "https://doi.org/10.1029/2024PA004965"
          }
        ]
      }
    }
  },
  "FsF_R1_01MD": {
    "test_results": {
      "FsF_R1_01MD-1": {
        "files": [],
        "variables": [
          "phosphate oxygen stable isotope (\u03b418Op) analysis",
          "Fourier-Transform Infrared Spectroscopy (FTIR) analysis",
          "Bayesian model for temperature estimates",
          "iCESM seawater outputs for the Eocene",
          "oxygen isotope composition",
          "shark tooth bioapatite",
          "habitat use",
          "environmental conditions",
          "species ecology"
        ]
      }
    }
  },
  "FsF_R1_1_01M": {
    "test_results": {
      "FsF_R1_1_01M-1": {
        "license": "CC0 1.0 Universal (CC0 1.0) Public Domain Dedication"
      },
      "FsF_R1_1_01M-2": {
        "success": true,
        "comment": "The metadata file contains a license that is recognized by the SPDX license registry, ensuring compliance and standardization."
      }
    }
  },
  "FsF_R1_2_01M": {
    "test_results": {
      "FsF_R1_2_01M-1": {
        "success": true,
        "entities": {
          "creator": "Gabriele Larocca Conte, Adam Aleksinski, Ashley Liao, J\u00fcrgen Kriwet, Thomas M\u00f6rs, Robin Trayler, Linda Ivany, Matthew Huber, Sora Kim",
          "contributors": [
            "Adam Aleksinski",
            "Ashley Liao",
            "J\u00fcrgen Kriwet",
            "Thomas M\u00f6rs",
            "Robin Trayler",
            "Linda Ivany",
            "Matthew Huber",
            "Sora Kim"
          ],
          "curation_date": "2024-09-16",
          "version": "13",
          "modification_date": "2024-09-16",
          "source": ""
        },
        "formal_vocab": false
      }
    }
  },
  "FsF_R1_3_02D": {
    "test_results": {
      "FsF_R1_3_02D-1": {
        "success": false,
        "comment": "No Specific File information found",
        "scientific_fmt": false,
        "info": "No File information found, cannot check for scientific format"
      }
    }
  }
}