{
  "FsF_F1_01D": {
    "test_results": {
      "FsF_F1_01D-1": {
        "success": true,
        "identifier": "https://doi.org/10.5281/zenodo.14410427"
      },
      "FsF_F1_01D-2": {
        "success": true,
        "comment": "Identifier resolved"
      }
    }
  },
  "FsF_F1_02D": {
    "test_results": {
      "FsF_F1_02D-1": {
        "success": true,
        "identifier": "https://doi.org/10.5281/zenodo.14410427"
      },
      "FsF_F1_02D-2": {
        "success": true,
        "comment": "Identifier resolved"
      }
    }
  },
  "FsF_F2_01M": {
    "test_results": {
      "FsF_F2_01M-1-2-3": {
        "creator": "Singh, Premendra Kumar",
        "title": "AI and Finance",
        "publisher": "Zenodo",
        "publication_date": "2024-12-12",
        "summary": "",
        "keywords": ""
      }
    }
  },
  "FsF_F3_01M": {
    "test_results": {
      "FsF_F3_01M-1": {
        "success": true,
        "identifier": "https://zenodo.org/api/records/14410427/files/AI%20and%20Fin.bib/content",
        "file_name": "AI and Fin.bib",
        "file_size": "10.4 MB",
        "file_type": "application/octet-stream"
      }
    }
  },
  "FsF_A1_01M": {
    "test_results": {
      "FsF_A1_01M-1": {
        "access_condition": "public",
        "comment": "Access right is open with a Creative Commons License (cc-by-4.0)"
      }
    }
  },
  "FsF_I1_01M": {
    "test_results": {
      "FsF_I1_01M-1": {
        "success": true,
        "comment": "Parsable, structured metadata(JSON-LD) was successfully detected on the landing page, confirming that it contains correctly embedded, machine-readable metadata. JSON-LD is a formal serialization format so this condition is satisfied. It includes essential elements such as '@context' and '@type', confirming the use of JSON-LD syntax."
      }
    }
  },
  "FsF_I2_01M": {
    "test_results": {
      "FsF_I2_01M-1": {
        "success": true,
        "resources": []
      }
    }
  },
  "FsF_I3_01M": {
    "test_results": {
      "FsF_I3_01M-1": {
        "entities": [
          {
            "entity": "Version",
            "value": "recid:14410426"
          }
        ]
      }
    }
  },
  "FsF_R1_01MD": {
    "test_results": {
      "FsF_R1_01MD-1": {
        "files": [
          {
            "name": "AI and Fin.bib",
            "f_type": "bib",
            "size": "5649193 bytes"
          },
          {
            "name": "AI fin.txt",
            "f_type": "txt",
            "size": "5259836 bytes"
          }
        ],
        "variables": []
      }
    }
  },
  "FsF_R1_1_01M": {
    "test_results": {
      "FsF_R1_1_01M-1": {
        "license": "Creative Commons Attribution 4.0 International (CC BY 4.0)"
      },
      "FsF_R1_1_01M-2": {
        "success": true,
        "comment": "The metadata file contains a license that is recognized by the SPDX license registry, ensuring compliance and standardization."
      }
    }
  },
  "FsF_R1_2_01M": {
    "test_results": {
      "FsF_R1_2_01M-1": {
        "success": true,
        "entities": {
          "creator": "Premendra Kumar Singh",
          "contributors": [],
          "curation_date": "2024-12-12T09:10:01.296240+00:00",
          "version": "",
          "modification_date": "2024-12-12T09:10:01.432200+00:00",
          "source": ""
        },
        "formal_vocab": false
      }
    }
  },
  "FsF_R1_3_02D": {
    "test_results": {
      "FsF_R1_3_02D-1": {
        "success": true,
        "comment": "Metadata format is an open file format.",
        "scientific_fmt": true,
        "info": "The listed files in the metadata are open file and scientific formats."
      }
    }
  }
}